package confignil

import (
	. "github.com/onsi/ginkgo/v2"
	. "github.com/onsi/gomega"
)

func fNil() *string {
	return nil
}

func fNotNil() *string {
	val := "no nil"
	return &val
}

var _ = Describe("", func() {

	var x *int
	val := 3
	y := &val

	Context("test Expect", func() {
		Context("test Should", func() {
			Context("test BeTrue", func() {
				It("test nil value", func() {
					Expect(x == nil).Should(BeTrue())
					Expect(nil == x).Should(BeTrue())
				})
				It("test non-nil value", func() {
					Expect(y != nil).Should(BeTrue())
					Expect(nil != y).Should(BeTrue())
				})
				It("test nil func", func() {
					Expect(fNil() == nil).Should(BeTrue())
					Expect(nil == fNil()).Should(BeTrue())
				})
				It("test non-nil func", func() {
					Expect(fNotNil() != nil).Should(BeTrue())
					Expect(nil != fNotNil()).Should(BeTrue())
				})
			})
			Context("test BeFalse", func() {
				It("test nil value", func() {
					Expect(x != nil).Should(BeFalse())
					Expect(nil != x).Should(BeFalse())
				})
				It("test non-nil value", func() {
					Expect(y == nil).Should(BeFalse())
					Expect(nil == y).Should(BeFalse())
				})
				It("test nil func", func() {
					Expect(fNil() != nil).Should(BeFalse())
					Expect(nil != fNil()).Should(BeFalse())
				})
				It("test non-nil func", func() {
					Expect(fNotNil() == nil).Should(BeFalse())
					Expect(nil == fNotNil()).Should(BeFalse())
				})
			})
			Context("test Equal(true)", func() {
				It("test nil value", func() {
					Expect(x == nil).Should(BeTrue()) // want `ginkgo-linter: wrong boolean assertion\. Consider using .Expect\(x == nil\)\.Should\(BeTrue\(\)\). instead`
					Expect(nil == x).Should(BeTrue()) // want `ginkgo-linter: wrong boolean assertion\. Consider using .Expect\(nil == x\)\.Should\(BeTrue\(\)\). instead`
				})
				It("test non-nil value", func() {
					Expect(y != nil).Should(BeTrue()) // want `ginkgo-linter: wrong boolean assertion\. Consider using .Expect\(y != nil\)\.Should\(BeTrue\(\)\). instead`
					Expect(nil != y).Should(BeTrue()) // want `ginkgo-linter: wrong boolean assertion\. Consider using .Expect\(nil != y\)\.Should\(BeTrue\(\)\). instead`
				})
				It("test nil func", func() {
					Expect(fNil() == nil).Should(BeTrue()) // want `ginkgo-linter: wrong boolean assertion\. Consider using .Expect\(fNil\(\) == nil\)\.Should\(BeTrue\(\)\). instead`
					Expect(nil == fNil()).Should(BeTrue()) // want `ginkgo-linter: wrong boolean assertion\. Consider using .Expect\(nil == fNil\(\)\)\.Should\(BeTrue\(\)\). instead`
				})
				It("test non-nil func", func() {
					Expect(fNotNil() != nil).Should(BeTrue()) // want `wrong boolean assertion`
					Expect(nil != fNotNil()).Should(BeTrue()) // want `wrong boolean assertion`
				})
			})
			Context("test Equal(false)", func() {
				It("test nil value", func() {
					Expect(x != nil).Should(BeFalse()) // want `wrong boolean assertion`
					Expect(nil != x).Should(BeFalse()) // want `wrong boolean assertion`
				})
				It("test non-nil value", func() {
					Expect(y == nil).Should(BeFalse()) // want `wrong boolean assertion`
					Expect(nil == y).Should(BeFalse()) // want `wrong boolean assertion`
				})
				It("test nil func", func() {
					Expect(fNil() != nil).Should(BeFalse()) // want `wrong boolean assertion`
					Expect(nil != fNil()).Should(BeFalse()) // want `wrong boolean assertion`
				})
				It("test non-nil func", func() {
					Expect(fNotNil() == nil).Should(BeFalse()) // want `wrong boolean assertion`
					Expect(nil == fNotNil()).Should(BeFalse()) // want `wrong boolean assertion`
				})
			})
		})
		Context("test Should(Not())", func() {
			Context("test BeTrue", func() {
				It("test nil value", func() {
					Expect(x == nil).Should(BeTrue()) // want `avoid double negative assertion`
					Expect(nil == x).Should(BeTrue()) // want `avoid double negative assertion`
				})
				It("test non-nil value", func() {
					Expect(y != nil).Should(BeTrue()) // want `avoid double negative assertion`
					Expect(nil != y).Should(BeTrue()) // want `avoid double negative assertion`
				})
				It("test nil func", func() {
					Expect(fNil() == nil).Should(BeTrue()) // want `avoid double negative assertion`
					Expect(nil == fNil()).Should(BeTrue()) // want `avoid double negative assertion`
				})
				It("test non-nil func", func() {
					Expect(fNotNil() != nil).Should(BeTrue()) // want `avoid double negative assertion`
					Expect(nil != fNotNil()).Should(BeTrue()) // want `avoid double negative assertion`
				})
			})
			Context("test BeFalse", func() {
				It("test nil value", func() {
					Expect(x != nil).Should(Not(BeTrue()))
					Expect(nil != x).Should(Not(BeTrue()))
				})
				It("test non-nil value", func() {
					Expect(y == nil).Should(Not(BeTrue()))
					Expect(nil == y).Should(Not(BeTrue()))
				})
				It("test nil func", func() {
					Expect(fNil() != nil).Should(Not(BeTrue()))
					Expect(nil != fNil()).Should(Not(BeTrue()))
				})
				It("test non-nil func", func() {
					Expect(fNotNil() == nil).Should(Not(BeTrue()))
					Expect(nil == fNotNil()).Should(Not(BeTrue()))
				})
			})
			Context("test Equal(false)", func() {
				It("test nil value", func() {
					Expect(x == nil).Should(BeTrue()) // want `wrong boolean assertion`
					Expect(nil == x).Should(BeTrue()) // want `wrong boolean assertion`
				})
				It("test non-nil value", func() {
					Expect(y != nil).Should(BeTrue()) // want `wrong boolean assertion`
					Expect(nil != y).Should(BeTrue()) // want `wrong boolean assertion`
				})
				It("test nil func", func() {
					Expect(fNil() == nil).Should(BeTrue()) // want `wrong boolean assertion`
					Expect(nil == fNil()).Should(BeTrue()) // want `wrong boolean assertion`
				})
				It("test non-nil func", func() {
					Expect(fNotNil() != nil).Should(BeTrue()) // want `wrong boolean assertion`
					Expect(nil != fNotNil()).Should(BeTrue()) // want `wrong boolean assertion`
				})
			})
			Context("test Equal(true)", func() {
				It("test nil value", func() {
					Expect(x != nil).ShouldNot(BeTrue()) // want `wrong boolean assertion`
					Expect(nil != x).ShouldNot(BeTrue()) // want `wrong boolean assertion`
				})
				It("test non-nil value", func() {
					Expect(y == nil).ShouldNot(BeTrue()) // want `wrong boolean assertion`
					Expect(nil == y).ShouldNot(BeTrue()) // want `wrong boolean assertion`
				})
				It("test nil func", func() {
					Expect(fNil() != nil).ShouldNot(BeTrue()) // want `wrong boolean assertion`
					Expect(nil != fNil()).ShouldNot(BeTrue()) // want `wrong boolean assertion`
				})
				It("test non-nil func", func() {
					Expect(fNotNil() == nil).ShouldNot(BeTrue()) // want `wrong boolean assertion`
					Expect(nil == fNotNil()).ShouldNot(BeTrue()) // want `wrong boolean assertion`
				})
			})
		})

		Context("test To", func() {
			Context("test BeTrue", func() {
				It("test nil value", func() {
					Expect(x == nil).To(BeTrue())
					Expect(nil == x).To(BeTrue())
				})
				It("test non-nil value", func() {
					Expect(y != nil).To(BeTrue())
					Expect(nil != y).To(BeTrue())
				})
				It("test nil func", func() {
					Expect(fNil() == nil).To(BeTrue())
					Expect(nil == fNil()).To(BeTrue())
				})
				It("test non-nil func", func() {
					Expect(fNotNil() != nil).To(BeTrue())
					Expect(nil != fNotNil()).To(BeTrue())
				})
			})
			Context("test BeFalse", func() {
				It("test nil value", func() {
					Expect(x != nil).To(BeFalse())
					Expect(nil != x).To(BeFalse())
				})
				It("test non-nil value", func() {
					Expect(y == nil).To(BeFalse())
					Expect(nil == y).To(BeFalse())
				})
				It("test nil func", func() {
					Expect(fNil() != nil).To(BeFalse())
					Expect(nil != fNil()).To(BeFalse())
				})
				It("test non-nil func", func() {
					Expect(fNotNil() == nil).To(BeFalse())
					Expect(nil == fNotNil()).To(BeFalse())
				})
			})
			Context("test Equal(true)", func() {
				It("test nil value", func() {
					Expect(x == nil).To(BeTrue()) // want `wrong boolean assertion`
					Expect(nil == x).To(BeTrue()) // want `wrong boolean assertion`
				})
				It("test non-nil value", func() {
					Expect(y != nil).To(BeTrue()) // want `wrong boolean assertion`
					Expect(nil != y).To(BeTrue()) // want `wrong boolean assertion`
				})
				It("test nil func", func() {
					Expect(fNil() == nil).To(BeTrue()) // want `wrong boolean assertion`
					Expect(nil == fNil()).To(BeTrue()) // want `wrong boolean assertion`
				})
				It("test non-nil func", func() {
					Expect(fNotNil() != nil).To(BeTrue()) // want `wrong boolean assertion`
					Expect(nil != fNotNil()).To(BeTrue()) // want `wrong boolean assertion`
				})
			})
			Context("test Equal(false)", func() {
				It("test nil value", func() {
					Expect(x != nil).To(BeFalse()) // want `wrong boolean assertion`
					Expect(nil != x).To(BeFalse()) // want `wrong boolean assertion`
				})
				It("test non-nil value", func() {
					Expect(y == nil).To(BeFalse()) // want `wrong boolean assertion`
					Expect(nil == y).To(BeFalse()) // want `wrong boolean assertion`
				})
				It("test nil func", func() {
					Expect(fNil() != nil).To(BeFalse()) // want `wrong boolean assertion`
					Expect(nil != fNil()).To(BeFalse()) // want `wrong boolean assertion`
				})
				It("test non-nil func", func() {
					Expect(fNotNil() == nil).To(BeFalse()) // want `wrong boolean assertion`
					Expect(nil == fNotNil()).To(BeFalse()) // want `wrong boolean assertion`
				})
			})
		})
		Context("test To(Not())", func() {
			Context("test BeTrue", func() {
				It("test nil value", func() {
					Expect(x == nil).To(BeTrue()) // want `avoid double negative assertion`
					Expect(nil == x).To(BeTrue()) // want `avoid double negative assertion`
				})
				It("test non-nil value", func() {
					Expect(y != nil).To(BeTrue()) // want `avoid double negative assertion`
					Expect(nil != y).To(BeTrue()) // want `avoid double negative assertion`
				})
				It("test nil func", func() {
					Expect(fNil() == nil).To(BeTrue()) // want `avoid double negative assertion`
					Expect(nil == fNil()).To(BeTrue()) // want `avoid double negative assertion`
				})
				It("test non-nil func", func() {
					Expect(fNotNil() != nil).To(BeTrue()) // want `avoid double negative assertion`
					Expect(nil != fNotNil()).To(BeTrue()) // want `avoid double negative assertion`
				})
			})
			Context("test BeFalse", func() {
				It("test nil value", func() {
					Expect(x != nil).To(Not(BeTrue()))
					Expect(nil != x).To(Not(BeTrue()))
				})
				It("test non-nil value", func() {
					Expect(y == nil).To(Not(BeTrue()))
					Expect(nil == y).To(Not(BeTrue()))
				})
				It("test nil func", func() {
					Expect(fNil() != nil).To(Not(BeTrue()))
					Expect(nil != fNil()).To(Not(BeTrue()))
				})
				It("test non-nil func", func() {
					Expect(fNotNil() == nil).To(Not(BeTrue()))
					Expect(nil == fNotNil()).To(Not(BeTrue()))
				})
			})
			Context("test Equal(false)", func() {
				It("test nil value", func() {
					Expect(x == nil).To(BeTrue()) // want `wrong boolean assertion`
					Expect(nil == x).To(BeTrue()) // want `wrong boolean assertion`
				})
				It("test non-nil value", func() {
					Expect(y != nil).To(BeTrue()) // want `wrong boolean assertion`
					Expect(nil != y).To(BeTrue()) // want `wrong boolean assertion`
				})
				It("test nil func", func() {
					Expect(fNil() == nil).To(BeTrue()) // want `wrong boolean assertion`
					Expect(nil == fNil()).To(BeTrue()) // want `wrong boolean assertion`
				})
				It("test non-nil func", func() {
					Expect(fNotNil() != nil).To(BeTrue()) // want `wrong boolean assertion`
					Expect(nil != fNotNil()).To(BeTrue()) // want `wrong boolean assertion`
				})
			})
			Context("test Equal(true)", func() {
				It("test nil value", func() {
					Expect(x != nil).ToNot(BeTrue()) // want `wrong boolean assertion`
					Expect(nil != x).ToNot(BeTrue()) // want `wrong boolean assertion`
				})
				It("test non-nil value", func() {
					Expect(y == nil).ToNot(BeTrue()) // want `wrong boolean assertion`
					Expect(nil == y).ToNot(BeTrue()) // want `wrong boolean assertion`
				})
				It("test nil func", func() {
					Expect(fNil() != nil).ToNot(BeTrue()) // want `wrong boolean assertion`
					Expect(nil != fNil()).ToNot(BeTrue()) // want `wrong boolean assertion`
				})
				It("test non-nil func", func() {
					Expect(fNotNil() == nil).ToNot(BeTrue()) // want `wrong boolean assertion`
					Expect(nil == fNotNil()).ToNot(BeTrue()) // want `wrong boolean assertion`
				})
			})
		})

		Context("test ShouldNot", func() {
			Context("test BeFalse", func() {
				It("test nil value", func() {
					Expect(x == nil).Should(BeTrue()) // want `avoid double negative assertion`
					Expect(nil == x).Should(BeTrue()) // want `avoid double negative assertion`
				})
				It("test non-nil value", func() {
					Expect(y != nil).Should(BeTrue()) // want `avoid double negative assertion`
					Expect(nil != y).Should(BeTrue()) // want `avoid double negative assertion`
				})
				It("test nil func", func() {
					Expect(fNil() == nil).Should(BeTrue()) // want `avoid double negative assertion`
					Expect(nil == fNil()).Should(BeTrue()) // want `avoid double negative assertion`
				})
				It("test non-nil func", func() {
					Expect(fNotNil() != nil).Should(BeTrue()) // want `avoid double negative assertion`
					Expect(nil != fNotNil()).Should(BeTrue()) // want `avoid double negative assertion`
				})
			})
			Context("test BeTrue", func() {
				It("test nil value", func() {
					Expect(x != nil).ShouldNot(BeTrue())
					Expect(nil != x).ShouldNot(BeTrue())
				})
				It("test non-nil value", func() {
					Expect(y == nil).ShouldNot(BeTrue())
					Expect(nil == y).ShouldNot(BeTrue())
				})
				It("test nil func", func() {
					Expect(fNil() != nil).ShouldNot(BeTrue())
					Expect(nil != fNil()).ShouldNot(BeTrue())
				})
				It("test non-nil func", func() {
					Expect(fNotNil() == nil).ShouldNot(BeTrue())
					Expect(nil == fNotNil()).ShouldNot(BeTrue())
				})
			})
			Context("test Equal(true)", func() {
				It("test nil value", func() {
					Expect(x != nil).ShouldNot(BeTrue()) // want `ginkgo-linter: wrong boolean assertion`
					Expect(nil != x).ShouldNot(BeTrue()) // want `ginkgo-linter: wrong boolean assertion`
				})
				It("test non-nil value", func() {
					Expect(y == nil).ShouldNot(BeTrue()) // want `ginkgo-linter: wrong boolean assertion`
					Expect(nil == y).ShouldNot(BeTrue()) // want `ginkgo-linter: wrong boolean assertion`
				})
				It("test nil func", func() {
					Expect(fNil() != nil).ShouldNot(BeTrue()) // want `ginkgo-linter: wrong boolean assertion`
					Expect(nil != fNil()).ShouldNot(BeTrue()) // want `ginkgo-linter: wrong boolean assertion`
				})
				It("test non-nil func", func() {
					Expect(fNotNil() == nil).ShouldNot(BeTrue()) // want `ginkgo-linter: wrong boolean assertion`
					Expect(nil == fNotNil()).ShouldNot(BeTrue()) // want `ginkgo-linter: wrong boolean assertion`
				})
			})
			Context("test Equal(false)", func() {
				It("test nil value", func() {
					Expect(x == nil).Should(BeTrue()) // want `ginkgo-linter: wrong boolean assertion`
					Expect(nil == x).Should(BeTrue()) // want `ginkgo-linter: wrong boolean assertion`
				})
				It("test non-nil value", func() {
					Expect(y != nil).Should(BeTrue()) // want `ginkgo-linter: wrong boolean assertion`
					Expect(nil != y).Should(BeTrue()) // want `ginkgo-linter: wrong boolean assertion`
				})
				It("test nil func", func() {
					Expect(fNil() == nil).Should(BeTrue()) // want `ginkgo-linter: wrong boolean assertion`
					Expect(nil == fNil()).Should(BeTrue()) // want `ginkgo-linter: wrong boolean assertion`
				})
				It("test non-nil func", func() {
					Expect(fNotNil() != nil).Should(BeTrue()) // want `ginkgo-linter: wrong boolean assertion`
					Expect(nil != fNotNil()).Should(BeTrue()) // want `ginkgo-linter: wrong boolean assertion`
				})
			})
		})

		Context("test NotTo", func() {
			Context("test BeFalse", func() {
				It("test nil value", func() {
					Expect(x == nil).To(BeTrue()) // want `avoid double negative assertion`
					Expect(nil == x).To(BeTrue()) // want `avoid double negative assertion`
				})
				It("test non-nil value", func() {
					Expect(y != nil).To(BeTrue()) // want `avoid double negative assertion`
					Expect(nil != y).To(BeTrue()) // want `avoid double negative assertion`
				})
				It("test nil func", func() {
					Expect(fNil() == nil).To(BeTrue()) // want `avoid double negative assertion`
					Expect(nil == fNil()).To(BeTrue()) // want `avoid double negative assertion`
				})
				It("test non-nil func", func() {
					Expect(fNotNil() != nil).To(BeTrue()) // want `avoid double negative assertion`
					Expect(nil != fNotNil()).To(BeTrue()) // want `avoid double negative assertion`
				})
			})
			Context("test BeTrue", func() {
				It("test nil value", func() {
					Expect(x != nil).NotTo(BeTrue())
					Expect(nil != x).NotTo(BeTrue())
				})
				It("test non-nil value", func() {
					Expect(y == nil).NotTo(BeTrue())
					Expect(nil == y).NotTo(BeTrue())
				})
				It("test nil func", func() {
					Expect(fNil() != nil).NotTo(BeTrue())
					Expect(nil != fNil()).NotTo(BeTrue())
				})
				It("test non-nil func", func() {
					Expect(fNotNil() == nil).NotTo(BeTrue())
					Expect(nil == fNotNil()).NotTo(BeTrue())
				})
			})
			Context("test Equal(true)", func() {
				It("test nil value", func() {
					Expect(x != nil).NotTo(BeTrue()) // want `ginkgo-linter: wrong boolean assertion`
					Expect(nil != x).NotTo(BeTrue()) // want `ginkgo-linter: wrong boolean assertion`
				})
				It("test non-nil value", func() {
					Expect(y == nil).NotTo(BeTrue()) // want `ginkgo-linter: wrong boolean assertion`
					Expect(nil == y).NotTo(BeTrue()) // want `ginkgo-linter: wrong boolean assertion`
				})
				It("test nil func", func() {
					Expect(fNil() != nil).NotTo(BeTrue()) // want `ginkgo-linter: wrong boolean assertion`
					Expect(nil != fNil()).NotTo(BeTrue()) // want `ginkgo-linter: wrong boolean assertion`
				})
				It("test non-nil func", func() {
					Expect(fNotNil() == nil).NotTo(BeTrue()) // want `ginkgo-linter: wrong boolean assertion`
					Expect(nil == fNotNil()).NotTo(BeTrue()) // want `ginkgo-linter: wrong boolean assertion`
				})
			})
			Context("test Equal(false)", func() {
				It("test nil value", func() {
					Expect(x == nil).To(BeTrue()) // want `ginkgo-linter: wrong boolean assertion`
					Expect(nil == x).To(BeTrue()) // want `ginkgo-linter: wrong boolean assertion`
				})
				It("test non-nil value", func() {
					Expect(y != nil).To(BeTrue()) // want `ginkgo-linter: wrong boolean assertion`
					Expect(nil != y).To(BeTrue()) // want `ginkgo-linter: wrong boolean assertion`
				})
				It("test nil func", func() {
					Expect(fNil() == nil).To(BeTrue()) // want `ginkgo-linter: wrong boolean assertion`
					Expect(nil == fNil()).To(BeTrue()) // want `ginkgo-linter: wrong boolean assertion`
				})
				It("test non-nil func", func() {
					Expect(fNotNil() != nil).To(BeTrue()) // want `ginkgo-linter: wrong boolean assertion`
					Expect(nil != fNotNil()).To(BeTrue()) // want `ginkgo-linter: wrong boolean assertion`
				})
			})
		})
		Context("test ToNot", func() {
			Context("test BeFalse", func() {
				It("test nil value", func() {
					Expect(x == nil).To(BeTrue()) // want `avoid double negative assertion`
					Expect(nil == x).To(BeTrue()) // want `avoid double negative assertion`
				})
				It("test non-nil value", func() {
					Expect(y != nil).To(BeTrue()) // want `avoid double negative assertion`
					Expect(nil != y).To(BeTrue()) // want `avoid double negative assertion`
				})
				It("test nil func", func() {
					Expect(fNil() == nil).To(BeTrue()) // want `avoid double negative assertion`
					Expect(nil == fNil()).To(BeTrue()) // want `avoid double negative assertion`
				})
				It("test non-nil func", func() {
					Expect(fNotNil() != nil).To(BeTrue()) // want `avoid double negative assertion`
					Expect(nil != fNotNil()).To(BeTrue()) // want `avoid double negative assertion`
				})
			})
			Context("test BeTrue", func() {
				It("test nil value", func() {
					Expect(x != nil).ToNot(BeTrue())
					Expect(nil != x).ToNot(BeTrue())
				})
				It("test non-nil value", func() {
					Expect(y == nil).ToNot(BeTrue())
					Expect(nil == y).ToNot(BeTrue())
				})
				It("test nil func", func() {
					Expect(fNil() != nil).ToNot(BeTrue())
					Expect(nil != fNil()).ToNot(BeTrue())
				})
				It("test non-nil func", func() {
					Expect(fNotNil() == nil).ToNot(BeTrue())
					Expect(nil == fNotNil()).ToNot(BeTrue())
				})
			})
			Context("test Equal(true)", func() {
				It("test nil value", func() {
					Expect(x != nil).ToNot(BeTrue()) // want `ginkgo-linter: wrong boolean assertion`
					Expect(nil != x).ToNot(BeTrue()) // want `ginkgo-linter: wrong boolean assertion`
				})
				It("test non-nil value", func() {
					Expect(y == nil).ToNot(BeTrue()) // want `ginkgo-linter: wrong boolean assertion`
					Expect(nil == y).ToNot(BeTrue()) // want `ginkgo-linter: wrong boolean assertion`
				})
				It("test nil func", func() {
					Expect(fNil() != nil).ToNot(BeTrue()) // want `ginkgo-linter: wrong boolean assertion`
					Expect(nil != fNil()).ToNot(BeTrue()) // want `ginkgo-linter: wrong boolean assertion`
				})
				It("test non-nil func", func() {
					Expect(fNotNil() == nil).ToNot(BeTrue()) // want `ginkgo-linter: wrong boolean assertion`
					Expect(nil == fNotNil()).ToNot(BeTrue()) // want `ginkgo-linter: wrong boolean assertion`
				})
			})
			Context("test Equal(false)", func() {
				It("test nil value", func() {
					Expect(x == nil).To(BeTrue()) // want `ginkgo-linter: wrong boolean assertion`
					Expect(nil == x).To(BeTrue()) // want `ginkgo-linter: wrong boolean assertion`
				})
				It("test non-nil value", func() {
					Expect(y != nil).To(BeTrue()) // want `ginkgo-linter: wrong boolean assertion`
					Expect(nil != y).To(BeTrue()) // want `ginkgo-linter: wrong boolean assertion`
				})
				It("test nil func", func() {
					Expect(fNil() == nil).To(BeTrue()) // want `ginkgo-linter: wrong boolean assertion`
					Expect(nil == fNil()).To(BeTrue()) // want `ginkgo-linter: wrong boolean assertion`
				})
				It("test non-nil func", func() {
					Expect(fNotNil() != nil).To(BeTrue()) // want `ginkgo-linter: wrong boolean assertion`
					Expect(nil != fNotNil()).To(BeTrue()) // want `ginkgo-linter: wrong boolean assertion`
				})
			})
		})
	})

	Context("test ExpectWithOffset", func() {
		Context("test Should", func() {
			Context("test BeTrue", func() {
				It("test nil value", func() {
					ExpectWithOffset(1, x == nil).Should(BeTrue())
					ExpectWithOffset(1, nil == x).Should(BeTrue())
				})
				It("test non-nil value", func() {
					ExpectWithOffset(1, y != nil).Should(BeTrue())
					ExpectWithOffset(1, nil != y).Should(BeTrue())
				})
				It("test nil func", func() {
					ExpectWithOffset(1, fNil() == nil).Should(BeTrue())
					ExpectWithOffset(1, nil == fNil()).Should(BeTrue())
				})
				It("test non-nil func", func() {
					ExpectWithOffset(1, fNotNil() != nil).Should(BeTrue())
					ExpectWithOffset(1, nil != fNotNil()).Should(BeTrue())
				})
			})
			Context("test BeFalse", func() {
				It("test nil value", func() {
					ExpectWithOffset(1, x != nil).Should(BeFalse())
					ExpectWithOffset(1, nil != x).Should(BeFalse())
				})
				It("test non-nil value", func() {
					ExpectWithOffset(1, y == nil).Should(BeFalse())
					ExpectWithOffset(1, nil == y).Should(BeFalse())
				})
				It("test nil func", func() {
					ExpectWithOffset(1, fNil() != nil).Should(BeFalse())
					ExpectWithOffset(1, nil != fNil()).Should(BeFalse())
				})
				It("test non-nil func", func() {
					ExpectWithOffset(1, fNotNil() == nil).Should(BeFalse())
					ExpectWithOffset(1, nil == fNotNil()).Should(BeFalse())
				})
			})
			Context("test Equal(true)", func() {
				It("test nil value", func() {
					ExpectWithOffset(1, x == nil).Should(BeTrue()) // want `ginkgo-linter: wrong boolean assertion`
					ExpectWithOffset(1, nil == x).Should(BeTrue()) // want `ginkgo-linter: wrong boolean assertion`
				})
				It("test non-nil value", func() {
					ExpectWithOffset(1, y != nil).Should(BeTrue()) // want `ginkgo-linter: wrong boolean assertion`
					ExpectWithOffset(1, nil != y).Should(BeTrue()) // want `ginkgo-linter: wrong boolean assertion`
				})
				It("test nil func", func() {
					ExpectWithOffset(1, fNil() == nil).Should(BeTrue()) // want `ginkgo-linter: wrong boolean assertion`
					ExpectWithOffset(1, nil == fNil()).Should(BeTrue()) // want `ginkgo-linter: wrong boolean assertion`
				})
				It("test non-nil func", func() {
					ExpectWithOffset(1, fNotNil() != nil).Should(BeTrue()) // want `ginkgo-linter: wrong boolean assertion`
					ExpectWithOffset(1, nil != fNotNil()).Should(BeTrue()) // want `ginkgo-linter: wrong boolean assertion`
				})
			})
			Context("test Equal(false)", func() {
				It("test nil value", func() {
					ExpectWithOffset(1, x != nil).Should(BeFalse()) // want `ginkgo-linter: wrong boolean assertion`
					ExpectWithOffset(1, nil != x).Should(BeFalse()) // want `ginkgo-linter: wrong boolean assertion`
				})
				It("test non-nil value", func() {
					ExpectWithOffset(1, y == nil).Should(BeFalse()) // want `ginkgo-linter: wrong boolean assertion`
					ExpectWithOffset(1, nil == y).Should(BeFalse()) // want `ginkgo-linter: wrong boolean assertion`
				})
				It("test nil func", func() {
					ExpectWithOffset(1, fNil() != nil).Should(BeFalse()) // want `ginkgo-linter: wrong boolean assertion`
					ExpectWithOffset(1, nil != fNil()).Should(BeFalse()) // want `ginkgo-linter: wrong boolean assertion`
				})
				It("test non-nil func", func() {
					ExpectWithOffset(1, fNotNil() == nil).Should(BeFalse()) // want `ginkgo-linter: wrong boolean assertion`
					ExpectWithOffset(1, nil == fNotNil()).Should(BeFalse()) // want `ginkgo-linter: wrong boolean assertion`
				})
			})
		})
		Context("test Should(Not())", func() {
			Context("test BeTrue", func() {
				It("test nil value", func() {
					ExpectWithOffset(1, x == nil).Should(BeTrue()) // want `avoid double negative assertion`
					ExpectWithOffset(1, nil == x).Should(BeTrue()) // want `avoid double negative assertion`
				})
				It("test non-nil value", func() {
					ExpectWithOffset(1, y != nil).Should(BeTrue()) // want `avoid double negative assertion`
					ExpectWithOffset(1, nil != y).Should(BeTrue()) // want `avoid double negative assertion`
				})
				It("test nil func", func() {
					ExpectWithOffset(1, fNil() == nil).Should(BeTrue()) // want `avoid double negative assertion`
					ExpectWithOffset(1, nil == fNil()).Should(BeTrue()) // want `avoid double negative assertion`
				})
				It("test non-nil func", func() {
					ExpectWithOffset(1, fNotNil() != nil).Should(BeTrue()) // want `avoid double negative assertion`
					ExpectWithOffset(1, nil != fNotNil()).Should(BeTrue()) // want `avoid double negative assertion`
				})
			})
			Context("test BeFalse", func() {
				It("test nil value", func() {
					ExpectWithOffset(1, x != nil).Should(Not(BeTrue()))
					ExpectWithOffset(1, nil != x).Should(Not(BeTrue()))
				})
				It("test non-nil value", func() {
					ExpectWithOffset(1, y == nil).Should(Not(BeTrue()))
					ExpectWithOffset(1, nil == y).Should(Not(BeTrue()))
				})
				It("test nil func", func() {
					ExpectWithOffset(1, fNil() != nil).Should(Not(BeTrue()))
					ExpectWithOffset(1, nil != fNil()).Should(Not(BeTrue()))
				})
				It("test non-nil func", func() {
					ExpectWithOffset(1, fNotNil() == nil).Should(Not(BeTrue()))
					ExpectWithOffset(1, nil == fNotNil()).Should(Not(BeTrue()))
				})
			})
			Context("test Equal(false)", func() {
				It("test nil value", func() {
					ExpectWithOffset(1, x == nil).Should(BeTrue()) // want `ginkgo-linter: wrong boolean assertion`
					ExpectWithOffset(1, nil == x).Should(BeTrue()) // want `ginkgo-linter: wrong boolean assertion`
				})
				It("test non-nil value", func() {
					ExpectWithOffset(1, y != nil).Should(BeTrue()) // want `ginkgo-linter: wrong boolean assertion`
					ExpectWithOffset(1, nil != y).Should(BeTrue()) // want `ginkgo-linter: wrong boolean assertion`
				})
				It("test nil func", func() {
					ExpectWithOffset(1, fNil() == nil).Should(BeTrue()) // want `ginkgo-linter: wrong boolean assertion`
					ExpectWithOffset(1, nil == fNil()).Should(BeTrue()) // want `ginkgo-linter: wrong boolean assertion`
				})
				It("test non-nil func", func() {
					ExpectWithOffset(1, fNotNil() != nil).Should(BeTrue()) // want `ginkgo-linter: wrong boolean assertion`
					ExpectWithOffset(1, nil != fNotNil()).Should(BeTrue()) // want `ginkgo-linter: wrong boolean assertion`
				})
			})
			Context("test Equal(true)", func() {
				It("test nil value", func() {
					ExpectWithOffset(1, x != nil).ShouldNot(BeTrue()) // want `ginkgo-linter: wrong boolean assertion`
					ExpectWithOffset(1, nil != x).ShouldNot(BeTrue()) // want `ginkgo-linter: wrong boolean assertion`
				})
				It("test non-nil value", func() {
					ExpectWithOffset(1, y == nil).ShouldNot(BeTrue()) // want `ginkgo-linter: wrong boolean assertion`
					ExpectWithOffset(1, nil == y).ShouldNot(BeTrue()) // want `ginkgo-linter: wrong boolean assertion`
				})
				It("test nil func", func() {
					ExpectWithOffset(1, fNil() != nil).ShouldNot(BeTrue()) // want `ginkgo-linter: wrong boolean assertion`
					ExpectWithOffset(1, nil != fNil()).ShouldNot(BeTrue()) // want `ginkgo-linter: wrong boolean assertion`
				})
				It("test non-nil func", func() {
					ExpectWithOffset(1, fNotNil() == nil).ShouldNot(BeTrue()) // want `ginkgo-linter: wrong boolean assertion`
					ExpectWithOffset(1, nil == fNotNil()).ShouldNot(BeTrue()) // want `ginkgo-linter: wrong boolean assertion`
				})
			})
		})

		Context("test To", func() {
			Context("test BeTrue", func() {
				It("test nil value", func() {
					ExpectWithOffset(1, x == nil).To(BeTrue())
					ExpectWithOffset(1, nil == x).To(BeTrue())
				})
				It("test non-nil value", func() {
					ExpectWithOffset(1, y != nil).To(BeTrue())
					ExpectWithOffset(1, nil != y).To(BeTrue())
				})
				It("test nil func", func() {
					ExpectWithOffset(1, fNil() == nil).To(BeTrue())
					ExpectWithOffset(1, nil == fNil()).To(BeTrue())
				})
				It("test non-nil func", func() {
					ExpectWithOffset(1, fNotNil() != nil).To(BeTrue())
					ExpectWithOffset(1, nil != fNotNil()).To(BeTrue())
				})
			})
			Context("test BeFalse", func() {
				It("test nil value", func() {
					ExpectWithOffset(1, x != nil).To(BeFalse())
					ExpectWithOffset(1, nil != x).To(BeFalse())
				})
				It("test non-nil value", func() {
					ExpectWithOffset(1, y == nil).To(BeFalse())
					ExpectWithOffset(1, nil == y).To(BeFalse())
				})
				It("test nil func", func() {
					ExpectWithOffset(1, fNil() != nil).To(BeFalse())
					ExpectWithOffset(1, nil != fNil()).To(BeFalse())
				})
				It("test non-nil func", func() {
					ExpectWithOffset(1, fNotNil() == nil).To(BeFalse())
					ExpectWithOffset(1, nil == fNotNil()).To(BeFalse())
				})
			})
			Context("test Equal(true)", func() {
				It("test nil value", func() {
					ExpectWithOffset(1, x == nil).To(BeTrue()) // want `ginkgo-linter: wrong boolean assertion`
					ExpectWithOffset(1, nil == x).To(BeTrue()) // want `ginkgo-linter: wrong boolean assertion`
				})
				It("test non-nil value", func() {
					ExpectWithOffset(1, y != nil).To(BeTrue()) // want `ginkgo-linter: wrong boolean assertion`
					ExpectWithOffset(1, nil != y).To(BeTrue()) // want `ginkgo-linter: wrong boolean assertion`
				})
				It("test nil func", func() {
					ExpectWithOffset(1, fNil() == nil).To(BeTrue()) // want `ginkgo-linter: wrong boolean assertion`
					ExpectWithOffset(1, nil == fNil()).To(BeTrue()) // want `ginkgo-linter: wrong boolean assertion`
				})
				It("test non-nil func", func() {
					ExpectWithOffset(1, fNotNil() != nil).To(BeTrue()) // want `ginkgo-linter: wrong boolean assertion`
					ExpectWithOffset(1, nil != fNotNil()).To(BeTrue()) // want `ginkgo-linter: wrong boolean assertion`
				})
			})
			Context("test Equal(false)", func() {
				It("test nil value", func() {
					ExpectWithOffset(1, x != nil).To(BeFalse()) // want `ginkgo-linter: wrong boolean assertion`
					ExpectWithOffset(1, nil != x).To(BeFalse()) // want `ginkgo-linter: wrong boolean assertion`
				})
				It("test non-nil value", func() {
					ExpectWithOffset(1, y == nil).To(BeFalse()) // want `ginkgo-linter: wrong boolean assertion`
					ExpectWithOffset(1, nil == y).To(BeFalse()) // want `ginkgo-linter: wrong boolean assertion`
				})
				It("test nil func", func() {
					ExpectWithOffset(1, fNil() != nil).To(BeFalse()) // want `ginkgo-linter: wrong boolean assertion`
					ExpectWithOffset(1, nil != fNil()).To(BeFalse()) // want `ginkgo-linter: wrong boolean assertion`
				})
				It("test non-nil func", func() {
					ExpectWithOffset(1, fNotNil() == nil).To(BeFalse()) // want `ginkgo-linter: wrong boolean assertion`
					ExpectWithOffset(1, nil == fNotNil()).To(BeFalse()) // want `ginkgo-linter: wrong boolean assertion`
				})
			})
		})
		Context("test To(Not())", func() {
			Context("test BeTrue", func() {
				It("test nil value", func() {
					ExpectWithOffset(1, x == nil).To(BeTrue()) // want `avoid double negative assertion`
					ExpectWithOffset(1, nil == x).To(BeTrue()) // want `avoid double negative assertion`
				})
				It("test non-nil value", func() {
					ExpectWithOffset(1, y != nil).To(BeTrue()) // want `avoid double negative assertion`
					ExpectWithOffset(1, nil != y).To(BeTrue()) // want `avoid double negative assertion`
				})
				It("test nil func", func() {
					ExpectWithOffset(1, fNil() == nil).To(BeTrue()) // want `avoid double negative assertion`
					ExpectWithOffset(1, nil == fNil()).To(BeTrue()) // want `avoid double negative assertion`
				})
				It("test non-nil func", func() {
					ExpectWithOffset(1, fNotNil() != nil).To(BeTrue()) // want `avoid double negative assertion`
					ExpectWithOffset(1, nil != fNotNil()).To(BeTrue()) // want `avoid double negative assertion`
				})
			})
			Context("test BeFalse", func() {
				It("test nil value", func() {
					ExpectWithOffset(1, x != nil).To(Not(BeTrue()))
					ExpectWithOffset(1, nil != x).To(Not(BeTrue()))
				})
				It("test non-nil value", func() {
					ExpectWithOffset(1, y == nil).To(Not(BeTrue()))
					ExpectWithOffset(1, nil == y).To(Not(BeTrue()))
				})
				It("test nil func", func() {
					ExpectWithOffset(1, fNil() != nil).To(Not(BeTrue()))
					ExpectWithOffset(1, nil != fNil()).To(Not(BeTrue()))
				})
				It("test non-nil func", func() {
					ExpectWithOffset(1, fNotNil() == nil).To(Not(BeTrue()))
					ExpectWithOffset(1, nil == fNotNil()).To(Not(BeTrue()))
				})
			})
			Context("test Equal(false)", func() {
				It("test nil value", func() {
					ExpectWithOffset(1, x == nil).To(BeTrue()) // want `ginkgo-linter: wrong boolean assertion`
					ExpectWithOffset(1, nil == x).To(BeTrue()) // want `ginkgo-linter: wrong boolean assertion`
				})
				It("test non-nil value", func() {
					ExpectWithOffset(1, y != nil).To(BeTrue()) // want `ginkgo-linter: wrong boolean assertion`
					ExpectWithOffset(1, nil != y).To(BeTrue()) // want `ginkgo-linter: wrong boolean assertion`
				})
				It("test nil func", func() {
					ExpectWithOffset(1, fNil() == nil).To(BeTrue()) // want `ginkgo-linter: wrong boolean assertion`
					ExpectWithOffset(1, nil == fNil()).To(BeTrue()) // want `ginkgo-linter: wrong boolean assertion`
				})
				It("test non-nil func", func() {
					ExpectWithOffset(1, fNotNil() != nil).To(BeTrue()) // want `ginkgo-linter: wrong boolean assertion`
					ExpectWithOffset(1, nil != fNotNil()).To(BeTrue()) // want `ginkgo-linter: wrong boolean assertion`
				})
			})
			Context("test Equal(true)", func() {
				It("test nil value", func() {
					ExpectWithOffset(1, x != nil).ToNot(BeTrue()) // want `ginkgo-linter: wrong boolean assertion`
					ExpectWithOffset(1, nil != x).ToNot(BeTrue()) // want `ginkgo-linter: wrong boolean assertion`
				})
				It("test non-nil value", func() {
					ExpectWithOffset(1, y == nil).ToNot(BeTrue()) // want `ginkgo-linter: wrong boolean assertion`
					ExpectWithOffset(1, nil == y).ToNot(BeTrue()) // want `ginkgo-linter: wrong boolean assertion`
				})
				It("test nil func", func() {
					ExpectWithOffset(1, fNil() != nil).ToNot(BeTrue()) // want `ginkgo-linter: wrong boolean assertion`
					ExpectWithOffset(1, nil != fNil()).ToNot(BeTrue()) // want `ginkgo-linter: wrong boolean assertion`
				})
				It("test non-nil func", func() {
					ExpectWithOffset(1, fNotNil() == nil).ToNot(BeTrue()) // want `ginkgo-linter: wrong boolean assertion`
					ExpectWithOffset(1, nil == fNotNil()).ToNot(BeTrue()) // want `ginkgo-linter: wrong boolean assertion`
				})
			})
		})

		Context("test ShouldNot", func() {
			Context("test BeFalse", func() {
				It("test nil value", func() {
					ExpectWithOffset(1, x == nil).Should(BeTrue()) // want `avoid double negative assertion`
					ExpectWithOffset(1, nil == x).Should(BeTrue()) // want `avoid double negative assertion`
				})
				It("test non-nil value", func() {
					ExpectWithOffset(1, y != nil).Should(BeTrue()) // want `avoid double negative assertion`
					ExpectWithOffset(1, nil != y).Should(BeTrue()) // want `avoid double negative assertion`
				})
				It("test nil func", func() {
					ExpectWithOffset(1, fNil() == nil).Should(BeTrue()) // want `avoid double negative assertion`
					ExpectWithOffset(1, nil == fNil()).Should(BeTrue()) // want `avoid double negative assertion`
				})
				It("test non-nil func", func() {
					ExpectWithOffset(1, fNotNil() != nil).Should(BeTrue()) // want `avoid double negative assertion`
					ExpectWithOffset(1, nil != fNotNil()).Should(BeTrue()) // want `avoid double negative assertion`
				})
			})
			Context("test BeTrue", func() {
				It("test nil value", func() {
					ExpectWithOffset(1, x != nil).ShouldNot(BeTrue())
					ExpectWithOffset(1, nil != x).ShouldNot(BeTrue())
				})
				It("test non-nil value", func() {
					ExpectWithOffset(1, y == nil).ShouldNot(BeTrue())
					ExpectWithOffset(1, nil == y).ShouldNot(BeTrue())
				})
				It("test nil func", func() {
					ExpectWithOffset(1, fNil() != nil).ShouldNot(BeTrue())
					ExpectWithOffset(1, nil != fNil()).ShouldNot(BeTrue())
				})
				It("test non-nil func", func() {
					ExpectWithOffset(1, fNotNil() == nil).ShouldNot(BeTrue())
					ExpectWithOffset(1, nil == fNotNil()).ShouldNot(BeTrue())
				})
			})
			Context("test Equal(true)", func() {
				It("test nil value", func() {
					ExpectWithOffset(1, x != nil).ShouldNot(BeTrue()) // want `ginkgo-linter: wrong boolean assertion`
					ExpectWithOffset(1, nil != x).ShouldNot(BeTrue()) // want `ginkgo-linter: wrong boolean assertion`
				})
				It("test non-nil value", func() {
					ExpectWithOffset(1, y == nil).ShouldNot(BeTrue()) // want `ginkgo-linter: wrong boolean assertion`
					ExpectWithOffset(1, nil == y).ShouldNot(BeTrue()) // want `ginkgo-linter: wrong boolean assertion`
				})
				It("test nil func", func() {
					ExpectWithOffset(1, fNil() != nil).ShouldNot(BeTrue()) // want `ginkgo-linter: wrong boolean assertion`
					ExpectWithOffset(1, nil != fNil()).ShouldNot(BeTrue()) // want `ginkgo-linter: wrong boolean assertion`
				})
				It("test non-nil func", func() {
					ExpectWithOffset(1, fNotNil() == nil).ShouldNot(BeTrue()) // want `ginkgo-linter: wrong boolean assertion`
					ExpectWithOffset(1, nil == fNotNil()).ShouldNot(BeTrue()) // want `ginkgo-linter: wrong boolean assertion`
				})
			})
			Context("test Equal(false)", func() {
				It("test nil value", func() {
					ExpectWithOffset(1, x == nil).Should(BeTrue()) // want `ginkgo-linter: wrong boolean assertion`
					ExpectWithOffset(1, nil == x).Should(BeTrue()) // want `ginkgo-linter: wrong boolean assertion`
				})
				It("test non-nil value", func() {
					ExpectWithOffset(1, y != nil).Should(BeTrue()) // want `ginkgo-linter: wrong boolean assertion`
					ExpectWithOffset(1, nil != y).Should(BeTrue()) // want `ginkgo-linter: wrong boolean assertion`
				})
				It("test nil func", func() {
					ExpectWithOffset(1, fNil() == nil).Should(BeTrue()) // want `ginkgo-linter: wrong boolean assertion`
					ExpectWithOffset(1, nil == fNil()).Should(BeTrue()) // want `ginkgo-linter: wrong boolean assertion`
				})
				It("test non-nil func", func() {
					ExpectWithOffset(1, fNotNil() != nil).Should(BeTrue()) // want `ginkgo-linter: wrong boolean assertion`
					ExpectWithOffset(1, nil != fNotNil()).Should(BeTrue()) // want `ginkgo-linter: wrong boolean assertion`
				})
			})
		})

		Context("test NotTo", func() {
			Context("test BeFalse", func() {
				It("test nil value", func() {
					ExpectWithOffset(1, x == nil).To(BeTrue()) // want `avoid double negative assertion`
					ExpectWithOffset(1, nil == x).To(BeTrue()) // want `avoid double negative assertion`
				})
				It("test non-nil value", func() {
					ExpectWithOffset(1, y != nil).To(BeTrue()) // want `avoid double negative assertion`
					ExpectWithOffset(1, nil != y).To(BeTrue()) // want `avoid double negative assertion`
				})
				It("test nil func", func() {
					ExpectWithOffset(1, fNil() == nil).To(BeTrue()) // want `avoid double negative assertion`
					ExpectWithOffset(1, nil == fNil()).To(BeTrue()) // want `avoid double negative assertion`
				})
				It("test non-nil func", func() {
					ExpectWithOffset(1, fNotNil() != nil).To(BeTrue()) // want `avoid double negative assertion`
					ExpectWithOffset(1, nil != fNotNil()).To(BeTrue()) // want `avoid double negative assertion`
				})
			})
			Context("test BeTrue", func() {
				It("test nil value", func() {
					ExpectWithOffset(1, x != nil).NotTo(BeTrue())
					ExpectWithOffset(1, nil != x).NotTo(BeTrue())
				})
				It("test non-nil value", func() {
					ExpectWithOffset(1, y == nil).NotTo(BeTrue())
					ExpectWithOffset(1, nil == y).NotTo(BeTrue())
				})
				It("test nil func", func() {
					ExpectWithOffset(1, fNil() != nil).NotTo(BeTrue())
					ExpectWithOffset(1, nil != fNil()).NotTo(BeTrue())
				})
				It("test non-nil func", func() {
					ExpectWithOffset(1, fNotNil() == nil).NotTo(BeTrue())
					ExpectWithOffset(1, nil == fNotNil()).NotTo(BeTrue())
				})
			})
			Context("test Equal(true)", func() {
				It("test nil value", func() {
					ExpectWithOffset(1, x != nil).NotTo(BeTrue()) // want `ginkgo-linter: wrong boolean assertion`
					ExpectWithOffset(1, nil != x).NotTo(BeTrue()) // want `ginkgo-linter: wrong boolean assertion`
				})
				It("test non-nil value", func() {
					ExpectWithOffset(1, y == nil).NotTo(BeTrue()) // want `ginkgo-linter: wrong boolean assertion`
					ExpectWithOffset(1, nil == y).NotTo(BeTrue()) // want `ginkgo-linter: wrong boolean assertion`
				})
				It("test nil func", func() {
					ExpectWithOffset(1, fNil() != nil).NotTo(BeTrue()) // want `ginkgo-linter: wrong boolean assertion`
					ExpectWithOffset(1, nil != fNil()).NotTo(BeTrue()) // want `ginkgo-linter: wrong boolean assertion`
				})
				It("test non-nil func", func() {
					ExpectWithOffset(1, fNotNil() == nil).NotTo(BeTrue()) // want `ginkgo-linter: wrong boolean assertion`
					ExpectWithOffset(1, nil == fNotNil()).NotTo(BeTrue()) // want `ginkgo-linter: wrong boolean assertion`
				})
			})
			Context("test Equal(false)", func() {
				It("test nil value", func() {
					ExpectWithOffset(1, x == nil).To(BeTrue()) // want `ginkgo-linter: wrong boolean assertion`
					ExpectWithOffset(1, nil == x).To(BeTrue()) // want `ginkgo-linter: wrong boolean assertion`
				})
				It("test non-nil value", func() {
					ExpectWithOffset(1, y != nil).To(BeTrue()) // want `ginkgo-linter: wrong boolean assertion`
					ExpectWithOffset(1, nil != y).To(BeTrue()) // want `ginkgo-linter: wrong boolean assertion`
				})
				It("test nil func", func() {
					ExpectWithOffset(1, fNil() == nil).To(BeTrue()) // want `ginkgo-linter: wrong boolean assertion`
					ExpectWithOffset(1, nil == fNil()).To(BeTrue()) // want `ginkgo-linter: wrong boolean assertion`
				})
				It("test non-nil func", func() {
					ExpectWithOffset(1, fNotNil() != nil).To(BeTrue()) // want `ginkgo-linter: wrong boolean assertion`
					ExpectWithOffset(1, nil != fNotNil()).To(BeTrue()) // want `ginkgo-linter: wrong boolean assertion`
				})
			})
		})
		Context("test ToNot", func() {
			Context("test BeFalse", func() {
				It("test nil value", func() {
					ExpectWithOffset(1, x == nil).To(BeTrue()) // want `avoid double negative assertion`
					ExpectWithOffset(1, nil == x).To(BeTrue()) // want `avoid double negative assertion`
				})
				It("test non-nil value", func() {
					ExpectWithOffset(1, y != nil).To(BeTrue()) // want `avoid double negative assertion`
					ExpectWithOffset(1, nil != y).To(BeTrue()) // want `avoid double negative assertion`
				})
				It("test nil func", func() {
					ExpectWithOffset(1, fNil() == nil).To(BeTrue()) // want `avoid double negative assertion`
					ExpectWithOffset(1, nil == fNil()).To(BeTrue()) // want `avoid double negative assertion`
				})
				It("test non-nil func", func() {
					ExpectWithOffset(1, fNotNil() != nil).To(BeTrue()) // want `avoid double negative assertion`
					ExpectWithOffset(1, nil != fNotNil()).To(BeTrue()) // want `avoid double negative assertion`
				})
			})
			Context("test BeTrue", func() {
				It("test nil value", func() {
					ExpectWithOffset(1, x != nil).ToNot(BeTrue())
					ExpectWithOffset(1, nil != x).ToNot(BeTrue())
				})
				It("test non-nil value", func() {
					ExpectWithOffset(1, y == nil).ToNot(BeTrue())
					ExpectWithOffset(1, nil == y).ToNot(BeTrue())
				})
				It("test nil func", func() {
					ExpectWithOffset(1, fNil() != nil).ToNot(BeTrue())
					ExpectWithOffset(1, nil != fNil()).ToNot(BeTrue())
				})
				It("test non-nil func", func() {
					ExpectWithOffset(1, fNotNil() == nil).ToNot(BeTrue())
					ExpectWithOffset(1, nil == fNotNil()).ToNot(BeTrue())
				})
			})
			Context("test Equal(true)", func() {
				It("test nil value", func() {
					ExpectWithOffset(1, x != nil).ToNot(BeTrue()) // want `ginkgo-linter: wrong boolean assertion`
					ExpectWithOffset(1, nil != x).ToNot(BeTrue()) // want `ginkgo-linter: wrong boolean assertion`
				})
				It("test non-nil value", func() {
					ExpectWithOffset(1, y == nil).ToNot(BeTrue()) // want `ginkgo-linter: wrong boolean assertion`
					ExpectWithOffset(1, nil == y).ToNot(BeTrue()) // want `ginkgo-linter: wrong boolean assertion`
				})
				It("test nil func", func() {
					ExpectWithOffset(1, fNil() != nil).ToNot(BeTrue()) // want `ginkgo-linter: wrong boolean assertion`
					ExpectWithOffset(1, nil != fNil()).ToNot(BeTrue()) // want `ginkgo-linter: wrong boolean assertion`
				})
				It("test non-nil func", func() {
					ExpectWithOffset(1, fNotNil() == nil).ToNot(BeTrue()) // want `ginkgo-linter: wrong boolean assertion`
					ExpectWithOffset(1, nil == fNotNil()).ToNot(BeTrue()) // want `ginkgo-linter: wrong boolean assertion`
				})
			})
			Context("test Equal(false)", func() {
				It("test nil value", func() {
					ExpectWithOffset(1, x == nil).To(BeTrue()) // want `ginkgo-linter: wrong boolean assertion`
					ExpectWithOffset(1, nil == x).To(BeTrue()) // want `ginkgo-linter: wrong boolean assertion`
				})
				It("test non-nil value", func() {
					ExpectWithOffset(1, y != nil).To(BeTrue()) // want `ginkgo-linter: wrong boolean assertion`
					ExpectWithOffset(1, nil != y).To(BeTrue()) // want `ginkgo-linter: wrong boolean assertion`
				})
				It("test nil func", func() {
					ExpectWithOffset(1, fNil() == nil).To(BeTrue()) // want `ginkgo-linter: wrong boolean assertion`
					ExpectWithOffset(1, nil == fNil()).To(BeTrue()) // want `ginkgo-linter: wrong boolean assertion`
				})
				It("test non-nil func", func() {
					ExpectWithOffset(1, fNotNil() != nil).To(BeTrue()) // want `ginkgo-linter: wrong boolean assertion`
					ExpectWithOffset(1, nil != fNotNil()).To(BeTrue()) // want `ginkgo-linter: wrong boolean assertion`
				})
			})
		})
	})

	Context("test Ω", func() {
		Context("test Should", func() {
			Context("test BeTrue", func() {
				It("test nil value", func() {
					Ω(x == nil).Should(BeTrue())
					Ω(nil == x).Should(BeTrue())
				})
				It("test non-nil value", func() {
					Ω(y != nil).Should(BeTrue())
					Ω(nil != y).Should(BeTrue())
				})
				It("test nil func", func() {
					Ω(fNil() == nil).Should(BeTrue())
					Ω(nil == fNil()).Should(BeTrue())
				})
				It("test non-nil func", func() {
					Ω(fNotNil() != nil).Should(BeTrue())
					Ω(nil != fNotNil()).Should(BeTrue())
				})
			})
			Context("test BeFalse", func() {
				It("test nil value", func() {
					Ω(x != nil).Should(BeFalse())
					Ω(nil != x).Should(BeFalse())
				})
				It("test non-nil value", func() {
					Ω(y == nil).Should(BeFalse())
					Ω(nil == y).Should(BeFalse())
				})
				It("test nil func", func() {
					Ω(fNil() != nil).Should(BeFalse())
					Ω(nil != fNil()).Should(BeFalse())
				})
				It("test non-nil func", func() {
					Ω(fNotNil() == nil).Should(BeFalse())
					Ω(nil == fNotNil()).Should(BeFalse())
				})
			})
			Context("test Equal(true)", func() {
				It("test nil value", func() {
					Ω(x == nil).Should(BeTrue()) // want `ginkgo-linter: wrong boolean assertion`
					Ω(nil == x).Should(BeTrue()) // want `ginkgo-linter: wrong boolean assertion`
				})
				It("test non-nil value", func() {
					Ω(y != nil).Should(BeTrue()) // want `ginkgo-linter: wrong boolean assertion`
					Ω(nil != y).Should(BeTrue()) // want `ginkgo-linter: wrong boolean assertion`
				})
				It("test nil func", func() {
					Ω(fNil() == nil).Should(BeTrue()) // want `ginkgo-linter: wrong boolean assertion`
					Ω(nil == fNil()).Should(BeTrue()) // want `ginkgo-linter: wrong boolean assertion`
				})
				It("test non-nil func", func() {
					Ω(fNotNil() != nil).Should(BeTrue()) // want `ginkgo-linter: wrong boolean assertion`
					Ω(nil != fNotNil()).Should(BeTrue()) // want `ginkgo-linter: wrong boolean assertion`
				})
			})
			Context("test Equal(false)", func() {
				It("test nil value", func() {
					Ω(x != nil).Should(BeFalse()) // want `ginkgo-linter: wrong boolean assertion`
					Ω(nil != x).Should(BeFalse()) // want `ginkgo-linter: wrong boolean assertion`
				})
				It("test non-nil value", func() {
					Ω(y == nil).Should(BeFalse()) // want `ginkgo-linter: wrong boolean assertion`
					Ω(nil == y).Should(BeFalse()) // want `ginkgo-linter: wrong boolean assertion`
				})
				It("test nil func", func() {
					Ω(fNil() != nil).Should(BeFalse()) // want `ginkgo-linter: wrong boolean assertion`
					Ω(nil != fNil()).Should(BeFalse()) // want `ginkgo-linter: wrong boolean assertion`
				})
				It("test non-nil func", func() {
					Ω(fNotNil() == nil).Should(BeFalse()) // want `ginkgo-linter: wrong boolean assertion`
					Ω(nil == fNotNil()).Should(BeFalse()) // want `ginkgo-linter: wrong boolean assertion`
				})
			})
		})
		Context("test Should(Not())", func() {
			Context("test BeTrue", func() {
				It("test nil value", func() {
					Ω(x == nil).Should(BeTrue()) // want `avoid double negative assertion`
					Ω(nil == x).Should(BeTrue()) // want `avoid double negative assertion`
				})
				It("test non-nil value", func() {
					Ω(y != nil).Should(BeTrue()) // want `avoid double negative assertion`
					Ω(nil != y).Should(BeTrue()) // want `avoid double negative assertion`
				})
				It("test nil func", func() {
					Ω(fNil() == nil).Should(BeTrue()) // want `avoid double negative assertion`
					Ω(nil == fNil()).Should(BeTrue()) // want `avoid double negative assertion`
				})
				It("test non-nil func", func() {
					Ω(fNotNil() != nil).Should(BeTrue()) // want `avoid double negative assertion`
					Ω(nil != fNotNil()).Should(BeTrue()) // want `avoid double negative assertion`
				})
			})
			Context("test BeFalse", func() {
				It("test nil value", func() {
					Ω(x != nil).Should(Not(BeTrue()))
					Ω(nil != x).Should(Not(BeTrue()))
				})
				It("test non-nil value", func() {
					Ω(y == nil).Should(Not(BeTrue()))
					Ω(nil == y).Should(Not(BeTrue()))
				})
				It("test nil func", func() {
					Ω(fNil() != nil).Should(Not(BeTrue()))
					Ω(nil != fNil()).Should(Not(BeTrue()))
				})
				It("test non-nil func", func() {
					Ω(fNotNil() == nil).Should(Not(BeTrue()))
					Ω(nil == fNotNil()).Should(Not(BeTrue()))
				})
			})
			Context("test Equal(false)", func() {
				It("test nil value", func() {
					Ω(x == nil).Should(BeTrue()) // want `ginkgo-linter: wrong boolean assertion`
					Ω(nil == x).Should(BeTrue()) // want `ginkgo-linter: wrong boolean assertion`
				})
				It("test non-nil value", func() {
					Ω(y != nil).Should(BeTrue()) // want `ginkgo-linter: wrong boolean assertion`
					Ω(nil != y).Should(BeTrue()) // want `ginkgo-linter: wrong boolean assertion`
				})
				It("test nil func", func() {
					Ω(fNil() == nil).Should(BeTrue()) // want `ginkgo-linter: wrong boolean assertion`
					Ω(nil == fNil()).Should(BeTrue()) // want `ginkgo-linter: wrong boolean assertion`
				})
				It("test non-nil func", func() {
					Ω(fNotNil() != nil).Should(BeTrue()) // want `ginkgo-linter: wrong boolean assertion`
					Ω(nil != fNotNil()).Should(BeTrue()) // want `ginkgo-linter: wrong boolean assertion`
				})
			})
			Context("test Equal(true)", func() {
				It("test nil value", func() {
					Ω(x != nil).ShouldNot(BeTrue()) // want `ginkgo-linter: wrong boolean assertion`
					Ω(nil != x).ShouldNot(BeTrue()) // want `ginkgo-linter: wrong boolean assertion`
				})
				It("test non-nil value", func() {
					Ω(y == nil).ShouldNot(BeTrue()) // want `ginkgo-linter: wrong boolean assertion`
					Ω(nil == y).ShouldNot(BeTrue()) // want `ginkgo-linter: wrong boolean assertion`
				})
				It("test nil func", func() {
					Ω(fNil() != nil).ShouldNot(BeTrue()) // want `ginkgo-linter: wrong boolean assertion`
					Ω(nil != fNil()).ShouldNot(BeTrue()) // want `ginkgo-linter: wrong boolean assertion`
				})
				It("test non-nil func", func() {
					Ω(fNotNil() == nil).ShouldNot(BeTrue()) // want `ginkgo-linter: wrong boolean assertion`
					Ω(nil == fNotNil()).ShouldNot(BeTrue()) // want `ginkgo-linter: wrong boolean assertion`
				})
			})
		})

		Context("test To", func() {
			Context("test BeTrue", func() {
				It("test nil value", func() {
					Ω(x == nil).To(BeTrue())
					Ω(nil == x).To(BeTrue())
				})
				It("test non-nil value", func() {
					Ω(y != nil).To(BeTrue())
					Ω(nil != y).To(BeTrue())
				})
				It("test nil func", func() {
					Ω(fNil() == nil).To(BeTrue())
					Ω(nil == fNil()).To(BeTrue())
				})
				It("test non-nil func", func() {
					Ω(fNotNil() != nil).To(BeTrue())
					Ω(nil != fNotNil()).To(BeTrue())
				})
			})
			Context("test BeFalse", func() {
				It("test nil value", func() {
					Ω(x != nil).To(BeFalse())
					Ω(nil != x).To(BeFalse())
				})
				It("test non-nil value", func() {
					Ω(y == nil).To(BeFalse())
					Ω(nil == y).To(BeFalse())
				})
				It("test nil func", func() {
					Ω(fNil() != nil).To(BeFalse())
					Ω(nil != fNil()).To(BeFalse())
				})
				It("test non-nil func", func() {
					Ω(fNotNil() == nil).To(BeFalse())
					Ω(nil == fNotNil()).To(BeFalse())
				})
			})
			Context("test Equal(true)", func() {
				It("test nil value", func() {
					Ω(x == nil).To(BeTrue()) // want `ginkgo-linter: wrong boolean assertion`
					Ω(nil == x).To(BeTrue()) // want `ginkgo-linter: wrong boolean assertion`
				})
				It("test non-nil value", func() {
					Ω(y != nil).To(BeTrue()) // want `ginkgo-linter: wrong boolean assertion`
					Ω(nil != y).To(BeTrue()) // want `ginkgo-linter: wrong boolean assertion`
				})
				It("test nil func", func() {
					Ω(fNil() == nil).To(BeTrue()) // want `ginkgo-linter: wrong boolean assertion`
					Ω(nil == fNil()).To(BeTrue()) // want `ginkgo-linter: wrong boolean assertion`
				})
				It("test non-nil func", func() {
					Ω(fNotNil() != nil).To(BeTrue()) // want `ginkgo-linter: wrong boolean assertion`
					Ω(nil != fNotNil()).To(BeTrue()) // want `ginkgo-linter: wrong boolean assertion`
				})
			})
			Context("test Equal(false)", func() {
				It("test nil value", func() {
					Ω(x != nil).To(BeFalse()) // want `ginkgo-linter: wrong boolean assertion`
					Ω(nil != x).To(BeFalse()) // want `ginkgo-linter: wrong boolean assertion`
				})
				It("test non-nil value", func() {
					Ω(y == nil).To(BeFalse()) // want `ginkgo-linter: wrong boolean assertion`
					Ω(nil == y).To(BeFalse()) // want `ginkgo-linter: wrong boolean assertion`
				})
				It("test nil func", func() {
					Ω(fNil() != nil).To(BeFalse()) // want `ginkgo-linter: wrong boolean assertion`
					Ω(nil != fNil()).To(BeFalse()) // want `ginkgo-linter: wrong boolean assertion`
				})
				It("test non-nil func", func() {
					Ω(fNotNil() == nil).To(BeFalse()) // want `ginkgo-linter: wrong boolean assertion`
					Ω(nil == fNotNil()).To(BeFalse()) // want `ginkgo-linter: wrong boolean assertion`
				})
			})
		})
		Context("test To(Not())", func() {
			Context("test BeTrue", func() {
				It("test nil value", func() {
					Ω(x == nil).To(BeTrue()) // want `avoid double negative assertion`
					Ω(nil == x).To(BeTrue()) // want `avoid double negative assertion`
				})
				It("test non-nil value", func() {
					Ω(y != nil).To(BeTrue()) // want `avoid double negative assertion`
					Ω(nil != y).To(BeTrue()) // want `avoid double negative assertion`
				})
				It("test nil func", func() {
					Ω(fNil() == nil).To(BeTrue()) // want `avoid double negative assertion`
					Ω(nil == fNil()).To(BeTrue()) // want `avoid double negative assertion`
				})
				It("test non-nil func", func() {
					Ω(fNotNil() != nil).To(BeTrue()) // want `avoid double negative assertion`
					Ω(nil != fNotNil()).To(BeTrue()) // want `avoid double negative assertion`
				})
			})
			Context("test BeFalse", func() {
				It("test nil value", func() {
					Ω(x != nil).To(Not(BeTrue()))
					Ω(nil != x).To(Not(BeTrue()))
				})
				It("test non-nil value", func() {
					Ω(y == nil).To(Not(BeTrue()))
					Ω(nil == y).To(Not(BeTrue()))
				})
				It("test nil func", func() {
					Ω(fNil() != nil).To(Not(BeTrue()))
					Ω(nil != fNil()).To(Not(BeTrue()))
				})
				It("test non-nil func", func() {
					Ω(fNotNil() == nil).To(Not(BeTrue()))
					Ω(nil == fNotNil()).To(Not(BeTrue()))
				})
			})
			Context("test Equal(false)", func() {
				It("test nil value", func() {
					Ω(x == nil).To(BeTrue()) // want `ginkgo-linter: wrong boolean assertion`
					Ω(nil == x).To(BeTrue()) // want `ginkgo-linter: wrong boolean assertion`
				})
				It("test non-nil value", func() {
					Ω(y != nil).To(BeTrue()) // want `ginkgo-linter: wrong boolean assertion`
					Ω(nil != y).To(BeTrue()) // want `ginkgo-linter: wrong boolean assertion`
				})
				It("test nil func", func() {
					Ω(fNil() == nil).To(BeTrue()) // want `ginkgo-linter: wrong boolean assertion`
					Ω(nil == fNil()).To(BeTrue()) // want `ginkgo-linter: wrong boolean assertion`
				})
				It("test non-nil func", func() {
					Ω(fNotNil() != nil).To(BeTrue()) // want `ginkgo-linter: wrong boolean assertion`
					Ω(nil != fNotNil()).To(BeTrue()) // want `ginkgo-linter: wrong boolean assertion`
				})
			})
			Context("test Equal(true)", func() {
				It("test nil value", func() {
					Ω(x != nil).ToNot(BeTrue()) // want `ginkgo-linter: wrong boolean assertion`
					Ω(nil != x).ToNot(BeTrue()) // want `ginkgo-linter: wrong boolean assertion`
				})
				It("test non-nil value", func() {
					Ω(y == nil).ToNot(BeTrue()) // want `ginkgo-linter: wrong boolean assertion`
					Ω(nil == y).ToNot(BeTrue()) // want `ginkgo-linter: wrong boolean assertion`
				})
				It("test nil func", func() {
					Ω(fNil() != nil).ToNot(BeTrue()) // want `ginkgo-linter: wrong boolean assertion`
					Ω(nil != fNil()).ToNot(BeTrue()) // want `ginkgo-linter: wrong boolean assertion`
				})
				It("test non-nil func", func() {
					Ω(fNotNil() == nil).ToNot(BeTrue()) // want `ginkgo-linter: wrong boolean assertion`
					Ω(nil == fNotNil()).ToNot(BeTrue()) // want `ginkgo-linter: wrong boolean assertion`
				})
			})
		})

		Context("test ShouldNot", func() {
			Context("test BeFalse", func() {
				It("test nil value", func() {
					Ω(x == nil).Should(BeTrue()) // want `avoid double negative assertion`
					Ω(nil == x).Should(BeTrue()) // want `avoid double negative assertion`
				})
				It("test non-nil value", func() {
					Ω(y != nil).Should(BeTrue()) // want `avoid double negative assertion`
					Ω(nil != y).Should(BeTrue()) // want `avoid double negative assertion`
				})
				It("test nil func", func() {
					Ω(fNil() == nil).Should(BeTrue()) // want `avoid double negative assertion`
					Ω(nil == fNil()).Should(BeTrue()) // want `avoid double negative assertion`
				})
				It("test non-nil func", func() {
					Ω(fNotNil() != nil).Should(BeTrue()) // want `avoid double negative assertion`
					Ω(nil != fNotNil()).Should(BeTrue()) // want `avoid double negative assertion`
				})
			})
			Context("test BeTrue", func() {
				It("test nil value", func() {
					Ω(x != nil).ShouldNot(BeTrue())
					Ω(nil != x).ShouldNot(BeTrue())
				})
				It("test non-nil value", func() {
					Ω(y == nil).ShouldNot(BeTrue())
					Ω(nil == y).ShouldNot(BeTrue())
				})
				It("test nil func", func() {
					Ω(fNil() != nil).ShouldNot(BeTrue())
					Ω(nil != fNil()).ShouldNot(BeTrue())
				})
				It("test non-nil func", func() {
					Ω(fNotNil() == nil).ShouldNot(BeTrue())
					Ω(nil == fNotNil()).ShouldNot(BeTrue())
				})
			})
			Context("test Equal(true)", func() {
				It("test nil value", func() {
					Ω(x != nil).ShouldNot(BeTrue()) // want `ginkgo-linter: wrong boolean assertion`
					Ω(nil != x).ShouldNot(BeTrue()) // want `ginkgo-linter: wrong boolean assertion`
				})
				It("test non-nil value", func() {
					Ω(y == nil).ShouldNot(BeTrue()) // want `ginkgo-linter: wrong boolean assertion`
					Ω(nil == y).ShouldNot(BeTrue()) // want `ginkgo-linter: wrong boolean assertion`
				})
				It("test nil func", func() {
					Ω(fNil() != nil).ShouldNot(BeTrue()) // want `ginkgo-linter: wrong boolean assertion`
					Ω(nil != fNil()).ShouldNot(BeTrue()) // want `ginkgo-linter: wrong boolean assertion`
				})
				It("test non-nil func", func() {
					Ω(fNotNil() == nil).ShouldNot(BeTrue()) // want `ginkgo-linter: wrong boolean assertion`
					Ω(nil == fNotNil()).ShouldNot(BeTrue()) // want `ginkgo-linter: wrong boolean assertion`
				})
			})
			Context("test Equal(false)", func() {
				It("test nil value", func() {
					Ω(x == nil).Should(BeTrue()) // want `ginkgo-linter: wrong boolean assertion`
					Ω(nil == x).Should(BeTrue()) // want `ginkgo-linter: wrong boolean assertion`
				})
				It("test non-nil value", func() {
					Ω(y != nil).Should(BeTrue()) // want `ginkgo-linter: wrong boolean assertion`
					Ω(nil != y).Should(BeTrue()) // want `ginkgo-linter: wrong boolean assertion`
				})
				It("test nil func", func() {
					Ω(fNil() == nil).Should(BeTrue()) // want `ginkgo-linter: wrong boolean assertion`
					Ω(nil == fNil()).Should(BeTrue()) // want `ginkgo-linter: wrong boolean assertion`
				})
				It("test non-nil func", func() {
					Ω(fNotNil() != nil).Should(BeTrue()) // want `ginkgo-linter: wrong boolean assertion`
					Ω(nil != fNotNil()).Should(BeTrue()) // want `ginkgo-linter: wrong boolean assertion`
				})
			})
		})

		Context("test NotTo", func() {
			Context("test BeFalse", func() {
				It("test nil value", func() {
					Ω(x == nil).To(BeTrue()) // want `avoid double negative assertion`
					Ω(nil == x).To(BeTrue()) // want `avoid double negative assertion`
				})
				It("test non-nil value", func() {
					Ω(y != nil).To(BeTrue()) // want `avoid double negative assertion`
					Ω(nil != y).To(BeTrue()) // want `avoid double negative assertion`
				})
				It("test nil func", func() {
					Ω(fNil() == nil).To(BeTrue()) // want `avoid double negative assertion`
					Ω(nil == fNil()).To(BeTrue()) // want `avoid double negative assertion`
				})
				It("test non-nil func", func() {
					Ω(fNotNil() != nil).To(BeTrue()) // want `avoid double negative assertion`
					Ω(nil != fNotNil()).To(BeTrue()) // want `avoid double negative assertion`
				})
			})
			Context("test BeTrue", func() {
				It("test nil value", func() {
					Ω(x != nil).NotTo(BeTrue())
					Ω(nil != x).NotTo(BeTrue())
				})
				It("test non-nil value", func() {
					Ω(y == nil).NotTo(BeTrue())
					Ω(nil == y).NotTo(BeTrue())
				})
				It("test nil func", func() {
					Ω(fNil() != nil).NotTo(BeTrue())
					Ω(nil != fNil()).NotTo(BeTrue())
				})
				It("test non-nil func", func() {
					Ω(fNotNil() == nil).NotTo(BeTrue())
					Ω(nil == fNotNil()).NotTo(BeTrue())
				})
			})
			Context("test Equal(true)", func() {
				It("test nil value", func() {
					Ω(x != nil).NotTo(BeTrue()) // want `ginkgo-linter: wrong boolean assertion`
					Ω(nil != x).NotTo(BeTrue()) // want `ginkgo-linter: wrong boolean assertion`
				})
				It("test non-nil value", func() {
					Ω(y == nil).NotTo(BeTrue()) // want `ginkgo-linter: wrong boolean assertion`
					Ω(nil == y).NotTo(BeTrue()) // want `ginkgo-linter: wrong boolean assertion`
				})
				It("test nil func", func() {
					Ω(fNil() != nil).NotTo(BeTrue()) // want `ginkgo-linter: wrong boolean assertion`
					Ω(nil != fNil()).NotTo(BeTrue()) // want `ginkgo-linter: wrong boolean assertion`
				})
				It("test non-nil func", func() {
					Ω(fNotNil() == nil).NotTo(BeTrue()) // want `ginkgo-linter: wrong boolean assertion`
					Ω(nil == fNotNil()).NotTo(BeTrue()) // want `ginkgo-linter: wrong boolean assertion`
				})
			})
			Context("test Equal(false)", func() {
				It("test nil value", func() {
					Ω(x == nil).To(BeTrue()) // want `ginkgo-linter: wrong boolean assertion`
					Ω(nil == x).To(BeTrue()) // want `ginkgo-linter: wrong boolean assertion`
				})
				It("test non-nil value", func() {
					Ω(y != nil).To(BeTrue()) // want `ginkgo-linter: wrong boolean assertion`
					Ω(nil != y).To(BeTrue()) // want `ginkgo-linter: wrong boolean assertion`
				})
				It("test nil func", func() {
					Ω(fNil() == nil).To(BeTrue()) // want `ginkgo-linter: wrong boolean assertion`
					Ω(nil == fNil()).To(BeTrue()) // want `ginkgo-linter: wrong boolean assertion`
				})
				It("test non-nil func", func() {
					Ω(fNotNil() != nil).To(BeTrue()) // want `ginkgo-linter: wrong boolean assertion`
					Ω(nil != fNotNil()).To(BeTrue()) // want `ginkgo-linter: wrong boolean assertion`
				})
			})
		})
		Context("test ToNot", func() {
			Context("test BeFalse", func() {
				It("test nil value", func() {
					Ω(x == nil).To(BeTrue()) // want `avoid double negative assertion`
					Ω(nil == x).To(BeTrue()) // want `avoid double negative assertion`
				})
				It("test non-nil value", func() {
					Ω(y != nil).To(BeTrue()) // want `avoid double negative assertion`
					Ω(nil != y).To(BeTrue()) // want `avoid double negative assertion`
				})
				It("test nil func", func() {
					Ω(fNil() == nil).To(BeTrue()) // want `avoid double negative assertion`
					Ω(nil == fNil()).To(BeTrue()) // want `avoid double negative assertion`
				})
				It("test non-nil func", func() {
					Ω(fNotNil() != nil).To(BeTrue()) // want `avoid double negative assertion`
					Ω(nil != fNotNil()).To(BeTrue()) // want `avoid double negative assertion`
				})
			})
			Context("test BeTrue", func() {
				It("test nil value", func() {
					Ω(x != nil).ToNot(BeTrue())
					Ω(nil != x).ToNot(BeTrue())
				})
				It("test non-nil value", func() {
					Ω(y == nil).ToNot(BeTrue())
					Ω(nil == y).ToNot(BeTrue())
				})
				It("test nil func", func() {
					Ω(fNil() != nil).ToNot(BeTrue())
					Ω(nil != fNil()).ToNot(BeTrue())
				})
				It("test non-nil func", func() {
					Ω(fNotNil() == nil).ToNot(BeTrue())
					Ω(nil == fNotNil()).ToNot(BeTrue())
				})
			})
			Context("test Equal(true)", func() {
				It("test nil value", func() {
					Ω(x != nil).ToNot(BeTrue()) // want `ginkgo-linter: wrong boolean assertion`
					Ω(nil != x).ToNot(BeTrue()) // want `ginkgo-linter: wrong boolean assertion`
				})
				It("test non-nil value", func() {
					Ω(y == nil).ToNot(BeTrue()) // want `ginkgo-linter: wrong boolean assertion`
					Ω(nil == y).ToNot(BeTrue()) // want `ginkgo-linter: wrong boolean assertion`
				})
				It("test nil func", func() {
					Ω(fNil() != nil).ToNot(BeTrue()) // want `ginkgo-linter: wrong boolean assertion`
					Ω(nil != fNil()).ToNot(BeTrue()) // want `ginkgo-linter: wrong boolean assertion`
				})
				It("test non-nil func", func() {
					Ω(fNotNil() == nil).ToNot(BeTrue()) // want `ginkgo-linter: wrong boolean assertion`
					Ω(nil == fNotNil()).ToNot(BeTrue()) // want `ginkgo-linter: wrong boolean assertion`
				})
			})
			Context("test Equal(false)", func() {
				It("test nil value", func() {
					Ω(x == nil).To(BeTrue()) // want `ginkgo-linter: wrong boolean assertion`
					Ω(nil == x).To(BeTrue()) // want `ginkgo-linter: wrong boolean assertion`
				})
				It("test non-nil value", func() {
					Ω(y != nil).To(BeTrue()) // want `ginkgo-linter: wrong boolean assertion`
					Ω(nil != y).To(BeTrue()) // want `ginkgo-linter: wrong boolean assertion`
				})
				It("test nil func", func() {
					Ω(fNil() == nil).To(BeTrue()) // want `ginkgo-linter: wrong boolean assertion`
					Ω(nil == fNil()).To(BeTrue()) // want `ginkgo-linter: wrong boolean assertion`
				})
				It("test non-nil func", func() {
					Ω(fNotNil() != nil).To(BeTrue()) // want `ginkgo-linter: wrong boolean assertion`
					Ω(nil != fNotNil()).To(BeTrue()) // want `ginkgo-linter: wrong boolean assertion`
				})
			})
		})
	})
})
