package cap

import (
	. "github.com/onsi/ginkgo/v2"
	"github.com/onsi/gomega"
)

var _ = Describe("check cap", func() {
	It("should not allow expect cap", func() {
		slice := make([]int, 0, 10)
		gomega.Expect(slice).To(gomega.HaveCap(10))   // want `ginkgo-linter: wrong cap assertion. Consider using .gomega\.Expect\(slice\)\.To\(gomega\.HaveCap\(10\)\). instead`
		gomega.Expect(slice).ToNot(gomega.HaveCap(0)) // want `ginkgo-linter: wrong cap assertion. Consider using .gomega\.Expect\(slice\)\.ToNot\(gomega\.HaveCap\(0\)\). instead`
		gomega.Expect(slice).ToNot(gomega.HaveCap(5)) // want `ginkgo-linter: wrong cap assertion. Consider using .gomega\.Expect\(slice\)\.ToNot\(gomega\.HaveCap\(5\)\). instead`
		gomega.Expect(slice).ToNot(gomega.HaveCap(0)) // want `ginkgo-linter: wrong cap assertion. Consider using .gomega\.Expect\(slice\)\.ToNot\(gomega\.HaveCap\(0\)\). instead`
		gomega.Expect(slice).To(gomega.HaveCap(10))   // want `ginkgo-linter: wrong cap assertion. Consider using .gomega\.Expect\(slice\)\.To\(gomega\.HaveCap\(10\)\). instead`
		gomega.Expect(slice).ToNot(gomega.HaveCap(0)) // want `ginkgo-linter: wrong cap assertion. Consider using .gomega\.Expect\(slice\)\.ToNot\(gomega\.HaveCap\(0\)\). instead`
		gomega.Expect(slice).ToNot(gomega.HaveCap(0)) // want `ginkgo-linter: wrong cap assertion. Consider using .gomega\.Expect\(slice\)\.ToNot\(gomega\.HaveCap\(0\)\). instead`
		gomega.Expect(slice).ToNot(gomega.HaveCap(5)) // want `ginkgo-linter: wrong cap assertion. Consider using .gomega\.Expect\(slice\)\.ToNot\(gomega\.HaveCap\(5\)\). instead`
		gomega.Expect(slice).ToNot(gomega.HaveCap(5)) // want `ginkgo-linter: wrong cap assertion. Consider using .gomega\.Expect\(slice\)\.ToNot\(gomega\.HaveCap\(5\)\). instead`
		gomega.Expect(slice).ToNot(gomega.HaveCap(0)) // want `ginkgo-linter: wrong cap assertion. Consider using .gomega\.Expect\(slice\)\.ToNot\(gomega\.HaveCap\(0\)\). instead`
		gomega.Expect(slice).ToNot(gomega.HaveCap(0)) // want `ginkgo-linter: wrong cap assertion. Consider using .gomega\.Expect\(slice\)\.ToNot\(gomega\.HaveCap\(0\)\). instead`
		gomega.Expect(slice).To(gomega.BeEmpty())
		gomega.Expect(slice).To(gomega.HaveCap(10))
	})

	It("should not allow comparison with cap", func() {
		slice := make([]int, 0, 10)
		gomega.Expect(slice).To(gomega.HaveCap(10)) // want `ginkgo-linter: wrong cap assertion. Consider using .gomega\.Expect\(slice\)\.To\(gomega\.HaveCap\(10\)\). instead`
		gomega.Expect(slice).To(gomega.HaveCap(10)) // want `ginkgo-linter: wrong cap assertion. Consider using .gomega\.Expect\(slice\)\.To\(gomega\.HaveCap\(10\)\). instead`
		gomega.Expect(slice).To(gomega.HaveCap(10)) // want `ginkgo-linter: wrong cap assertion. Consider using .gomega\.Expect\(slice\)\.To\(gomega\.HaveCap\(10\)\). instead`
		gomega.Expect(slice).To(gomega.HaveCap(10)) // want `ginkgo-linter: wrong cap assertion. Consider using .gomega\.Expect\(slice\)\.To\(gomega\.HaveCap\(10\)\). instead`
		gomega.Expect(slice).To(gomega.HaveCap(10)) // want `ginkgo-linter: wrong cap assertion. Consider using .gomega\.Expect\(slice\)\.To\(gomega\.HaveCap\(10\)\). instead`
		gomega.Expect(slice).To(gomega.HaveCap(10)) // want `ginkgo-linter: wrong cap assertion. Consider using .gomega\.Expect\(slice\)\.To\(gomega\.HaveCap\(10\)\). instead`
		gomega.Expect(slice).To(gomega.HaveCap(10)) // want `ginkgo-linter: wrong cap assertion. Consider using .gomega\.Expect\(slice\)\.To\(gomega\.HaveCap\(10\)\). instead`
		gomega.Expect(slice).To(gomega.HaveCap(10)) // want `ginkgo-linter: wrong cap assertion. Consider using .gomega\.Expect\(slice\)\.To\(gomega\.HaveCap\(10\)\). instead`
	})
})
