package cap

import (
	. "github.com/onsi/ginkgo/v2"
	. "github.com/onsi/gomega"
)

var _ = Describe("check cap", func() {
	It("should not allow expect cap", func() {
		slice := make([]int, 0, 10)
		Expect(slice).To(HaveCap(10))   // want `ginkgo-linter: wrong cap assertion. Consider using .Expect\(slice\)\.To\(HaveCap\(10\)\). instead`
		Expect(slice).ToNot(HaveCap(0)) // want `ginkgo-linter: wrong cap assertion. Consider using .Expect\(slice\)\.ToNot\(HaveCap\(0\)\). instead`
		Expect(slice).ToNot(HaveCap(5)) // want `ginkgo-linter: wrong cap assertion. Consider using .Expect\(slice\)\.ToNot\(HaveCap\(5\)\). instead`
		Expect(slice).ToNot(HaveCap(0)) // want `ginkgo-linter: wrong cap assertion. Consider using .Expect\(slice\)\.ToNot\(HaveCap\(0\)\). instead`
		Expect(slice).To(HaveCap(10))   // want `ginkgo-linter: wrong cap assertion. Consider using .Expect\(slice\)\.To\(HaveCap\(10\)\). instead`
		Expect(slice).ToNot(HaveCap(0)) // want `ginkgo-linter: wrong cap assertion. Consider using .Expect\(slice\)\.ToNot\(HaveCap\(0\)\). instead`
		Expect(slice).ToNot(HaveCap(0)) // want `ginkgo-linter: wrong cap assertion. Consider using .Expect\(slice\)\.ToNot\(HaveCap\(0\)\). instead`
		Expect(slice).ToNot(HaveCap(5)) // want `ginkgo-linter: wrong cap assertion. Consider using .Expect\(slice\)\.ToNot\(HaveCap\(5\)\). instead`
		Expect(slice).ToNot(HaveCap(5)) // want `ginkgo-linter: wrong cap assertion. Consider using .Expect\(slice\)\.ToNot\(HaveCap\(5\)\). instead`
		Expect(slice).ToNot(HaveCap(0)) // want `ginkgo-linter: wrong cap assertion. Consider using .Expect\(slice\)\.ToNot\(HaveCap\(0\)\). instead`
		Expect(slice).ToNot(HaveCap(0)) // want `ginkgo-linter: wrong cap assertion. Consider using .Expect\(slice\)\.ToNot\(HaveCap\(0\)\). instead`
		Expect(slice).To(BeEmpty())
		Expect(slice).To(HaveCap(10))
	})

	It("should not allow comparison with cap", func() {
		slice := make([]int, 0, 10)
		Expect(slice).To(HaveCap(10)) // want `ginkgo-linter: wrong cap assertion. Consider using .Expect\(slice\)\.To\(HaveCap\(10\)\). instead`
		Expect(slice).To(HaveCap(10)) // want `ginkgo-linter: wrong cap assertion. Consider using .Expect\(slice\)\.To\(HaveCap\(10\)\). instead`
		Expect(slice).To(HaveCap(10)) // want `ginkgo-linter: wrong cap assertion. Consider using .Expect\(slice\)\.To\(HaveCap\(10\)\). instead`
		Expect(slice).To(HaveCap(10)) // want `ginkgo-linter: wrong cap assertion. Consider using .Expect\(slice\)\.To\(HaveCap\(10\)\). instead`
		Expect(slice).To(HaveCap(10)) // want `ginkgo-linter: wrong cap assertion. Consider using .Expect\(slice\)\.To\(HaveCap\(10\)\). instead`
		Expect(slice).To(HaveCap(10)) // want `ginkgo-linter: wrong cap assertion. Consider using .Expect\(slice\)\.To\(HaveCap\(10\)\). instead`
		Expect(slice).To(HaveCap(10)) // want `ginkgo-linter: wrong cap assertion. Consider using .Expect\(slice\)\.To\(HaveCap\(10\)\). instead`
		Expect(slice).To(HaveCap(10)) // want `ginkgo-linter: wrong cap assertion. Consider using .Expect\(slice\)\.To\(HaveCap\(10\)\). instead`
		Expect(slice).To(HaveCap(10)) // want `ginkgo-linter: wrong cap assertion. Consider using .Expect\(slice\)\.To\(HaveCap\(10\)\). instead`
	})
})
